// Jest Snapshot v1, https://goo.gl/fbAQLP

exports[`HomePage should match the snapshot 1`] = `
<body>
  <div>
    <nav
      class="ui fluid pointing secondary three item menu"
    >
      <button
        class="item"
      >
        Home Menu Schedule
      </button>
      <button
        class="item"
      >
        Home Menu Sponsors
      </button>
      <button
        class="item"
      >
        Home Menu Register
      </button>
    </nav>
    <h1
      class="ui header"
      data-testid="main-title"
    >
      <div
        class="ScrollableAnchor"
        id="home_page_title"
        tabindex="-1"
      >
        home.page.title
      </div>
    </h1>
    <img
      alt="logo.alt"
      class="Logo  Logo--big"
      data-testid="logo"
      height="232"
      src="[object Object]"
      title="logo.alt"
      width="320"
    />
    <div />
    <iframe
      allowfullscreen=""
      frameborder="0"
      height="600"
      src="https://www.google.com/maps/embed?pb=!1m18!1m12!1m3!1d2735.705437069773!2d6.377488315962078!3d46.71154597913546!2m3!1f0!2f0!3f0!3m2!1i1024!2i768!4f13.1!3m3!1m2!1s0x478db3ee662c90db%3A0x172582dbb0e2b277!2sAuberge+Communale+de+Vallorbe!5e0!3m2!1sen!2sch!4v1541839403749"
      style="border: 0px; margin: 1em 0px;"
      title="Vallorbe"
      width="100%"
    />
    <h2
      class="ui header"
    >
      <div
        class="ScrollableAnchor"
        id="home_page_schedule"
        tabindex="-1"
      >
        home.page.schedule
      </div>
    </h2>
    <div
      class="ScheduleSection__content"
    />
    <h2
      class="ui header"
    >
      <div
        class="ScrollableAnchor"
        id="home_page_sponsors"
        tabindex="-1"
      >
        home.page.sponsors
      </div>
    </h2>
    <div
      class="SponsorsSection__container"
    >
      <div
        class="Sponsor"
      >
        <div
          class="Sponsor__name"
        >
          Comptoire des Techniques Verticales
        </div>
        <a
          href="https://techniquesverticales.ch"
          target="_blank"
        >
          <div
            class="LazyImage no-print Sponsor__logo"
          >
            <picture
              style="display: block;"
            >
              <source
                srcset="test-file-stub"
                type="image/webp"
              />
              <img
                alt="Comptoire des Techniques Verticales"
                class="LazyImage__Image"
                data-testid="lazyloaded-image"
                src="test-file-stub"
                title="Comptoire des Techniques Verticales"
              />
            </picture>
          </div>
        </a>
      </div>
      <div
        class="Sponsor"
      >
        <div
          class="Sponsor__name"
        >
          Office du Tourisme de Vallorbe
        </div>
        <a
          href="http://www.vallorbe.ch"
          target="_blank"
        >
          <div
            class="LazyImage no-print Sponsor__logo"
          >
            <picture
              style="display: block;"
            >
              <source
                srcset="test-file-stub"
                type="image/webp"
              />
              <img
                alt="Office du Tourisme de Vallorbe"
                class="LazyImage__Image"
                data-testid="lazyloaded-image"
                src="test-file-stub"
                title="Office du Tourisme de Vallorbe"
              />
            </picture>
          </div>
        </a>
      </div>
      <div
        class="Sponsor"
      >
        <div
          class="Sponsor__name"
        >
          Grottes de Vallorbes
        </div>
        <a
          href="https://grottesdevallorbe.ch"
          target="_blank"
        >
          <div
            class="LazyImage no-print Sponsor__logo"
          >
            <picture
              style="display: block;"
            >
              <source
                srcset="test-file-stub"
                type="image/webp"
              />
              <img
                alt="Grottes de Vallorbes"
                class="LazyImage__Image"
                data-testid="lazyloaded-image"
                src="test-file-stub"
                title="Grottes de Vallorbes"
              />
            </picture>
          </div>
        </a>
      </div>
      <div
        class="Sponsor"
      >
        <div
          class="Sponsor__name"
        >
          IMSA
        </div>
        <a
          href="http://www.neon-imsa.ch"
          target="_blank"
        >
          <div
            class="LazyImage no-print Sponsor__logo"
          >
            <picture
              style="display: block;"
            >
              <source
                srcset="test-file-stub"
                type="image/webp"
              />
              <img
                alt="IMSA"
                class="LazyImage__Image"
                data-testid="lazyloaded-image"
                src="test-file-stub"
                title="IMSA"
              />
            </picture>
          </div>
        </a>
      </div>
      <div
        class="Sponsor"
      >
        <div
          class="Sponsor__name"
        >
          Technicongress
        </div>
        <a
          href="https://www.technicongres.ch/"
          target="_blank"
        >
          <div
            class="LazyImage no-print Sponsor__logo"
          >
            <picture
              style="display: block;"
            >
              <source
                srcset="test-file-stub"
                type="image/webp"
              />
              <img
                alt="Technicongress"
                class="LazyImage__Image"
                data-testid="lazyloaded-image"
                src="test-file-stub"
                title="Technicongress"
              />
            </picture>
          </div>
        </a>
      </div>
    </div>
    <h2
      class="ui header"
    >
      <div
        class="ScrollableAnchor"
        id="home_page_register"
        tabindex="-1"
      >
        home.page.register
      </div>
    </h2>
    <div
      class="RegisterSection__container"
    >
      <a
        class="ui black button full-width"
        data-testid="register-button"
        href="/undefined/register"
        role="button"
      >
        register.now
      </a>
    </div>
    <div
      class="LazyImage no-print "
    >
      <picture
        style="display: block;"
      >
        <source
          srcset="test-file-stub"
          type="image/webp"
        />
        <img
          alt="Photo: Arnaud Conne"
          class="LazyImage__Image"
          data-testid="lazyloaded-image"
          height="212"
          src="test-file-stub"
          title="Photo: Arnaud Conne"
          width="320"
        />
      </picture>
      <div
        aria-hidden="true"
        class="LazyImage__Legend"
      >
        Photo: Arnaud Conne
      </div>
    </div>
  </div>
</body>
`;
