// Jest Snapshot v1, https://goo.gl/fbAQLP

exports[`HomePage should match the snapshot 1`] = `
<body>
  <div>
    <h1
      class="ui header"
    >
      home.page.title
    </h1>
    <img
      alt="logo.alt"
      class="Logo  Logo--big"
      height="232"
      src="[object Object]"
      title="logo.alt"
      width="320"
    />
    <div />
    <div
      data-testid="iframe-placeholder"
    >
      loading
    </div>
    <h2
      class="ui header"
    >
      home.page.register
    </h2>
    <div
      class="ui warning message"
    >
      home.page.startofregistration
    </div>
    <svg
      aria-label="Photo: Arnaud Conne"
      class="LazyImage "
      data-testid="lazyloaded-placeholder"
      height="212"
      viewBox="0 0 1024 1024"
      width="320"
      xmlns="http://www.w3.org/2000/svg"
    >
      <path
        d=""
      />
    </svg>
  </div>
</body>
`;
