// Jest Snapshot v1, https://goo.gl/fbAQLP

exports[`Recaptcha should render the recaptcha 1`] = `
<body>
  <div>
    <div
      class="g-recaptcha"
      data-testid="recaptcha--true"
      id="recaptcha-container"
      style="height: 78px; width: 302px;"
    >
      loading
    </div>
  </div>
</body>
`;
