// Jest Snapshot v1, https://goo.gl/fbAQLP

exports[`RegistrationsPage should match the snapshot 1`] = `
<body
  class=""
>
  <div>
    <div
      class="RegistrationPage"
    >
      <h1
        class="ui header"
      >
        registrations.page.title
      </h1>
      <div
        class="Registrations__Total"
        data-testid="registrations-total"
      >
        3
      </div>
    </div>
  </div>
</body>
`;
