// Jest Snapshot v1, https://goo.gl/fbAQLP

exports[`App should render the home page by default 1`] = `
<body>
  <div>
    <div
      class="visually-hidden"
      id="top"
      tabindex="-1"
    >
      Top
    </div>
    <div
      class="App"
    >
      <header
        class="App__Header no-print"
      >
        <div>
          <div
            class="ui inverted Header menu"
          >
            <a
              aria-current="page"
              class="active"
              color="white"
              href="/en/home"
            >
              <svg
                aria-label="logo.alt"
                class="Logo Logo--inverted  Header__logo"
                data-testid="lazyloaded-placeholder"
                height="45"
                viewBox="0 0 1024 1024"
                width="60"
                xmlns="http://www.w3.org/2000/svg"
              >
                <path
                  d=""
                />
              </svg>
            </a>
            <a
              class="item"
              href="/en/register"
            >
              header.register
            </a>
            <div
              aria-expanded="false"
              class="ui dropdown link item right LanguageSwitcher"
              data-testid="language-switcher"
              role="listbox"
              tabindex="0"
            >
              <div
                aria-live="polite"
                class="text"
                role="alert"
              >
                current.language
              </div>
              <i
                aria-hidden="true"
                class="dropdown icon"
              />
              <div
                class="menu transition"
              >
                <a
                  class="item"
                  href="/fr/home"
                  role="option"
                  title="Français"
                >
                  FR
                </a>
                <a
                  class="item"
                  href="/de/home"
                  role="option"
                  title="Deutsch"
                >
                  DE
                </a>
                <a
                  class="item"
                  href="/it/home"
                  role="option"
                  title="Italianno"
                >
                  IT
                </a>
                <a
                  aria-current="page"
                  class="item active"
                  href="/en/home"
                  role="option"
                  title="English"
                >
                  EN
                </a>
              </div>
            </div>
          </div>
        </div>
      </header>
      <main
        class="App__Main"
      >
        <div
          class="App__MainContainer"
        >
          <div>
            <h1
              class="ui header"
              data-testid="main-title"
            >
              home.page.title
            </h1>
            <svg
              aria-label="logo.alt"
              class="Logo  Logo--big"
              data-testid="lazyloaded-placeholder"
              height="232"
              viewBox="0 0 1024 1024"
              width="320"
              xmlns="http://www.w3.org/2000/svg"
            >
              <path
                d=""
              />
            </svg>
            <div />
            <div
              data-testid="iframe-placeholder"
            >
              loading
            </div>
            <h2
              class="ui header"
            >
              home.page.register
            </h2>
            <div
              class="InformationSection__register-container"
            >
              <a
                class="ui black button full-width"
                data-testid="register-button"
                href="/en/register"
                role="button"
              >
                register.now
              </a>
            </div>
            <svg
              aria-label="Photo: Arnaud Conne"
              class="LazyImage "
              data-testid="lazyloaded-placeholder"
              height="212"
              viewBox="0 0 1024 1024"
              width="320"
              xmlns="http://www.w3.org/2000/svg"
            >
              <path
                d=""
              />
            </svg>
          </div>
        </div>
      </main>
      <footer
        class="App__Footer no-print"
      >
        <div>
          <div
            class="ui inverted Footer menu"
          >
            <div
              class="item"
            >
              © GSL 2019
            </div>
            <div
              class="item"
            >
              <a
                href="mailto:ad-sss-info@speleo-lausanne.ch"
              >
                Contact
              </a>
            </div>
          </div>
        </div>
      </footer>
    </div>
  </div>
</body>
`;
